Performing C SOURCE FILE Test HAVE_RDRAND_COMPILE failed with the following output:
Change Dir: /workspace/build/CMakeFiles/CMakeScratch/TryCompile-2aYSiO

Run Build Command(s):/usr/bin/gmake -f Makefile cmTC_f0b4c/fast && /usr/bin/gmake  -f CMakeFiles/cmTC_f0b4c.dir/build.make CMakeFiles/cmTC_f0b4c.dir/build
gmake[1]: Entering directory '/workspace/build/CMakeFiles/CMakeScratch/TryCompile-2aYSiO'
Building C object CMakeFiles/cmTC_f0b4c.dir/src.c.o
/usr/bin/cc -DHAVE_RDRAND_COMPILE  -std=c11 -o CMakeFiles/cmTC_f0b4c.dir/src.c.o -c /workspace/build/CMakeFiles/CMakeScratch/TryCompile-2aYSiO/src.c
In file included from /usr/lib/gcc/x86_64-linux-gnu/12/include/immintrin.h:27,
                 from /workspace/build/CMakeFiles/CMakeScratch/TryCompile-2aYSiO/src.c:2:
/usr/lib/gcc/x86_64-linux-gnu/12/include/x86gprintrin.h: In function ‘main’:
/usr/lib/gcc/x86_64-linux-gnu/12/include/x86gprintrin.h:225:1: error: inlining failed in call to ‘always_inline’ ‘_rdrand64_step’: target specific option mismatch
  225 | _rdrand64_step (unsigned long long *__P)
      | ^~~~~~~~~~~~~~
/workspace/build/CMakeFiles/CMakeScratch/TryCompile-2aYSiO/src.c:5:24: note: called from here
    5 |                 return _rdrand64_step(&r) ? 0 : 1;
      |                        ^~~~~~~~~~~~~~~~~~
gmake[1]: *** [CMakeFiles/cmTC_f0b4c.dir/build.make:78: CMakeFiles/cmTC_f0b4c.dir/src.c.o] Error 1
gmake[1]: Leaving directory '/workspace/build/CMakeFiles/CMakeScratch/TryCompile-2aYSiO'
gmake: *** [Makefile:127: cmTC_f0b4c/fast] Error 2


Source file was:

            #include <immintrin.h>
            int main(void) {
                unsigned long long r;
                return _rdrand64_step(&r) ? 0 : 1;
            }
        

Performing C SOURCE FILE Test HAVE_RDSEED_COMPILE failed with the following output:
Change Dir: /workspace/build/CMakeFiles/CMakeScratch/TryCompile-iY55K1

Run Build Command(s):/usr/bin/gmake -f Makefile cmTC_3fbf6/fast && /usr/bin/gmake  -f CMakeFiles/cmTC_3fbf6.dir/build.make CMakeFiles/cmTC_3fbf6.dir/build
gmake[1]: Entering directory '/workspace/build/CMakeFiles/CMakeScratch/TryCompile-iY55K1'
Building C object CMakeFiles/cmTC_3fbf6.dir/src.c.o
/usr/bin/cc -DHAVE_RDSEED_COMPILE  -std=c11 -o CMakeFiles/cmTC_3fbf6.dir/src.c.o -c /workspace/build/CMakeFiles/CMakeScratch/TryCompile-iY55K1/src.c
In file included from /usr/lib/gcc/x86_64-linux-gnu/12/include/x86gprintrin.h:75,
                 from /usr/lib/gcc/x86_64-linux-gnu/12/include/immintrin.h:27,
                 from /workspace/build/CMakeFiles/CMakeScratch/TryCompile-iY55K1/src.c:2:
/usr/lib/gcc/x86_64-linux-gnu/12/include/rdseedintrin.h: In function ‘main’:
/usr/lib/gcc/x86_64-linux-gnu/12/include/rdseedintrin.h:55:1: error: inlining failed in call to ‘always_inline’ ‘_rdseed64_step’: target specific option mismatch
   55 | _rdseed64_step (unsigned long long *__p)
      | ^~~~~~~~~~~~~~
/workspace/build/CMakeFiles/CMakeScratch/TryCompile-iY55K1/src.c:5:24: note: called from here
    5 |                 return _rdseed64_step(&r) ? 0 : 1;
      |                        ^~~~~~~~~~~~~~~~~~
gmake[1]: *** [CMakeFiles/cmTC_3fbf6.dir/build.make:78: CMakeFiles/cmTC_3fbf6.dir/src.c.o] Error 1
gmake[1]: Leaving directory '/workspace/build/CMakeFiles/CMakeScratch/TryCompile-iY55K1'
gmake: *** [Makefile:127: cmTC_3fbf6/fast] Error 2


Source file was:

            #include <immintrin.h>
            int main(void) {
                unsigned long long r;
                return _rdseed64_step(&r) ? 0 : 1;
            }
        

